
Memory Configuration

Name             Origin             Length             Attributes
*default*        0x00000000         0xffffffff

Linker script and memory map


.vects          0x00000000        0x4
 *(.vects)
 .vects         0x00000000        0x4 C:\WorkSpace\Vitek_A21B0316P\Vitek_A21B0316P\SimDebug_H8S-2600A\vects.o
                0x00000000                HardwareVectors

.text           0x00000400      0x19c
 *(.text)
 .text          0x00000400      0x19c C:\WorkSpace\Vitek_A21B0316P\Vitek_A21B0316P\SimDebug_H8S-2600A\Vitek_A21B0316P.o
                0x00000400                start
 .text          0x0000059c        0x0 C:\WorkSpace\Vitek_A21B0316P\Vitek_A21B0316P\SimDebug_H8S-2600A\vects.o
 *(.text.*)
                0x0000059c                etext = .

.init
 *(.init)

.fini
 *(.fini)

.got
 *(.got)
 *(.got.plt)

.rodata         0x0000059c        0x0
 *(.rodata)
 *(.rodata.*)
                0x0000059c                _erodata = .

.eh_frame_hdr
 *(.eh_frame_hdr)

.eh_frame
 *(.eh_frame)

.jcr
 *(.jcr)

.tors           0x0000059c        0x0
                0x0000059c                __CTOR_LIST__ = .
                0x0000059c                ___ctors = .
 *(.ctors)
                0x0000059c                ___ctors_end = .
                0x0000059c                __CTOR_END__ = .
                0x0000059c                __DTOR_LIST__ = .
                0x0000059c                ___dtors = .
 *(.dtors)
                0x0000059c                ___dtors_end = .
                0x0000059c                __DTOR_END__ = .
                0x0000059c                _mdata = .

.data           0x00ff4000      0x313 load address 0x0000059c
                0x00ff4000                _data = .
 *(.data)
 .data          0x00ff4000      0x313 C:\WorkSpace\Vitek_A21B0316P\Vitek_A21B0316P\SimDebug_H8S-2600A\Vitek_A21B0316P.o
 .data          0x00ff4313        0x0 C:\WorkSpace\Vitek_A21B0316P\Vitek_A21B0316P\SimDebug_H8S-2600A\vects.o
 *(.data.*)
                0x00ff4313                _edata = .

.gcc_exc
 *(.gcc_exc)

.bss            0x00ff4313        0x0 load address 0x000008af
                0x00ff4313                _bss = .
 *(.bss)
 .bss           0x00ff4313        0x0 C:\WorkSpace\Vitek_A21B0316P\Vitek_A21B0316P\SimDebug_H8S-2600A\Vitek_A21B0316P.o
 .bss           0x00ff4313        0x0 C:\WorkSpace\Vitek_A21B0316P\Vitek_A21B0316P\SimDebug_H8S-2600A\vects.o
 *(.bss.*)
 *(COMMON)
                0x00ff4313                _ebss = .
                0x00ff4313                _end = .

.stack          0x00ffc000        0x0
                0x00ffc000                _stack = .
LOAD C:\WorkSpace\Vitek_A21B0316P\Vitek_A21B0316P\SimDebug_H8S-2600A\Vitek_A21B0316P.o
LOAD C:\WorkSpace\Vitek_A21B0316P\Vitek_A21B0316P\SimDebug_H8S-2600A\vects.o
START GROUP
LOAD c:\program files (x86)\renesas\hew\tools\kpit cummins\gnuh8-elf\v11.02\h8300-elf\lib\gcc\h8300-elf\4.5-GNUH8_v11.02\h8300s\libgcc.a
LOAD C:\WorkSpace\Vitek_A21B0316P\Vitek_A21B0316P\SimDebug_H8S-2600A\libVitek_A21B0316P.a
END GROUP
OUTPUT(C:\WorkSpace\Vitek_A21B0316P\Vitek_A21B0316P\SimDebug_H8S-2600A\Vitek_A21B0316P.x elf32-h8300)

.debug_line     0x00000000      0x124
 .debug_line    0x00000000       0xd6 C:\WorkSpace\Vitek_A21B0316P\Vitek_A21B0316P\SimDebug_H8S-2600A\Vitek_A21B0316P.o
 .debug_line    0x000000d6       0x4e C:\WorkSpace\Vitek_A21B0316P\Vitek_A21B0316P\SimDebug_H8S-2600A\vects.o

.debug_info     0x00000000      0x114
 .debug_info    0x00000000       0xb2 C:\WorkSpace\Vitek_A21B0316P\Vitek_A21B0316P\SimDebug_H8S-2600A\Vitek_A21B0316P.o
 .debug_info    0x000000b2       0x62 C:\WorkSpace\Vitek_A21B0316P\Vitek_A21B0316P\SimDebug_H8S-2600A\vects.o

.debug_abbrev   0x00000000       0x78
 .debug_abbrev  0x00000000       0x14 C:\WorkSpace\Vitek_A21B0316P\Vitek_A21B0316P\SimDebug_H8S-2600A\Vitek_A21B0316P.o
 .debug_abbrev  0x00000014       0x64 C:\WorkSpace\Vitek_A21B0316P\Vitek_A21B0316P\SimDebug_H8S-2600A\vects.o

.debug_aranges  0x00000000       0x20
 .debug_aranges
                0x00000000       0x20 C:\WorkSpace\Vitek_A21B0316P\Vitek_A21B0316P\SimDebug_H8S-2600A\Vitek_A21B0316P.o

.debug_pubnames
                0x00000000       0x26
 .debug_pubnames
                0x00000000       0x26 C:\WorkSpace\Vitek_A21B0316P\Vitek_A21B0316P\SimDebug_H8S-2600A\vects.o

.debug_pubtypes
                0x00000000       0x19
 .debug_pubtypes
                0x00000000       0x19 C:\WorkSpace\Vitek_A21B0316P\Vitek_A21B0316P\SimDebug_H8S-2600A\vects.o

.debug_str      0x00000000       0x60
 .debug_str     0x00000000       0x60 C:\WorkSpace\Vitek_A21B0316P\Vitek_A21B0316P\SimDebug_H8S-2600A\vects.o

.comment        0x00000000       0x1c
 .comment       0x00000000       0x1c C:\WorkSpace\Vitek_A21B0316P\Vitek_A21B0316P\SimDebug_H8S-2600A\vects.o
                                 0x1d (size before relaxing)


==============================================================

Listfile generated by KPIT GNUH8 [ELF]-v11.02 on Wednesday, July 20, 2022, 18:41:29

Build options:

-T "C:\WorkSpace\Vitek_A21B0316P\Vitek_A21B0316P\SimDebug_H8S-2600A\Vitek_A21B0316P_SimDebug_H8S-2600A_auto.gsi"
-T "C:\WorkSpace\Vitek_A21B0316P\Vitek_A21B0316P\SimDebug_H8S-2600A\Vitek_A21B0316P_input.tmp" 
-L "c:\program files (x86)\renesas\hew\tools\kpit cummins\gnuh8-elf\v11.02\h8300-elf\lib\gcc\h8300-elf\4.5-GNUH8_v11.02\h8300s"
-L "C:\WorkSpace\Vitek_A21B0316P\Vitek_A21B0316P\SimDebug_H8S-2600A"
-Map "C:\WorkSpace\Vitek_A21B0316P\Vitek_A21B0316P\SimDebug_H8S-2600A\Vitek_A21B0316P.map"
-( -l "gcc" -l "Vitek_A21B0316P" -)
-o "C:\WorkSpace\Vitek_A21B0316P\Vitek_A21B0316P\SimDebug_H8S-2600A\Vitek_A21B0316P.x"
-e _start
INPUT("C:\WorkSpace\Vitek_A21B0316P\Vitek_A21B0316P\SimDebug_H8S-2600A\Vitek_A21B0316P.o")
INPUT("C:\WorkSpace\Vitek_A21B0316P\Vitek_A21B0316P\SimDebug_H8S-2600A\vects.o")
